
bcb



abba
bb




aa
aaa


cc


aa
aaa
bb

aa
aaa

aa
bcb

cac
cc
ccc


aa
baab

bccb
cc



aa

acca
cc

bb

bb


aba


aa
aaa
cc

aa

cac
cc

bb
bbb

bcb
cbc
cc

aba

cc

cc

cbc
cc




bcb
cbc




aa




bb


aa

aba
bab

aa
aaa

cc

cc



aca
cac



aa
aca

cc


aa




bb
bbb

aa



bb


bb
cc


cac
cc

cc


cbc
cc
ccc

aa
bb

bb
cc
ccc

aa


aba
bab


bb




cc
ccc


aa

bb

aa



aa
aba


cc

aa
cc
ccc

