NON-MEMBER
NON-MEMBER
NON-MEMBER
NON-MEMBER
NON-MEMBER
NON-MEMBER
NON-MEMBER
NON-MEMBER
NON-MEMBER
NON-MEMBER
NON-MEMBER
NON-MEMBER
NON-MEMBER
NON-MEMBER
NON-MEMBER
NON-MEMBER
NON-MEMBER
NON-MEMBER
NON-MEMBER
NON-MEMBER
NON-MEMBER
NON-MEMBER
NON-MEMBER
NON-MEMBER
NON-MEMBER
NON-MEMBER
NON-MEMBER
NON-MEMBER
NON-MEMBER
NON-MEMBER
NON-MEMBER
NON-MEMBER
NON-MEMBER
NON-MEMBER
NON-MEMBER
NON-MEMBER
NON-MEMBER
NON-MEMBER
NON-MEMBER
NON-MEMBER
NON-MEMBER
NON-MEMBER
NON-MEMBER
NON-MEMBER
NON-MEMBER
NON-MEMBER
NON-MEMBER
NON-MEMBER
NON-MEMBER
NON-MEMBER
NON-MEMBER
NON-MEMBER
NON-MEMBER
NON-MEMBER
NON-MEMBER
NON-MEMBER
NON-MEMBER
NON-MEMBER
NON-MEMBER
NON-MEMBER
NON-MEMBER
NON-MEMBER
NON-MEMBER
NON-MEMBER
NON-MEMBER
NON-MEMBER
NON-MEMBER
NON-MEMBER
NON-MEMBER
NON-MEMBER
NON-MEMBER
NON-MEMBER
NON-MEMBER
NON-MEMBER
NON-MEMBER
NON-MEMBER
NON-MEMBER
NON-MEMBER
NON-MEMBER
NON-MEMBER
NON-MEMBER
NON-MEMBER
NON-MEMBER
NON-MEMBER
NON-MEMBER
NON-MEMBER
NON-MEMBER
NON-MEMBER
NON-MEMBER
NON-MEMBER
NON-MEMBER
NON-MEMBER
NON-MEMBER
NON-MEMBER
NON-MEMBER
NON-MEMBER
NON-MEMBER
NON-MEMBER
NON-MEMBER
NON-MEMBER
