WDUFGIY
XTIRORZ
MCBADP
ZYXO
VRXNW
F
RVD
HJMI
EK
N
AIAY
Z
XEESBYL
RBUPJV
ZJYDC
NFHWXJV
NN
VP
CPGKI
ACIE
WVZN
CZA
AHWRD
MDKE
LE
DNOZRNY
PBEC
WJF
UBGTW
CSOYE
B
XMFW
NTPPSHG
XZPNS
SKO
JH
SC
MWWP
CMA
IWAA
A
AAX
KI
K
YB
ALDADQW
JF
W
FANK
RZUDD
BAD
VXZN
CSHKC
WXVTH
JEYMMFE
H
JZHFLYX
I
VUIHW
VBEWZV
LD
ZO
VX
HRQQL
TEBCX
ZXAQ
DUH
TSPRUH
EU
VKEN
SWBDUH
OHB
ZIZN
KDTCSGO
QFACD
IQDMENW
XZDRVU
WHPMZF
FZGREFZ
OPXCTC
R
ZVRAUA
YLDXSCR
VHVTFZT
QHRY
YWER
XLSJZF
DHSE
STZTU
J
IMSJ
HL
WNWIZS
HHE
FH
U
EBCTS
Q
GWT
QILS
