A
CBCB
CBBCC
ABC
AAACC
AABB
AABA
ACABACA
A
BCCAC
BC
CCCACB
AAACAB
BAACBCC
AACCCAA
CBBBAC
CAB
BAAB
ACBBBBC
BBBCCAC
BCA
AA
BAB
CACC
CC
CBBA
CBAAA
BABCAB
BACA
BCAA
CBCBBBA
AA
BBB
CACABB
A
A
BCAA
AB
CCCB
BCBBCA
C
AC
AAA
A
BCACC
CBABC
B
B
ABB
CB
BBCABCB
BBCA
BABAAAB
A
CAB
A
BCBAA
BBA
BABCAAB
BBCAAAB
CCBC
CBBAA
BBCBCCA
BBBB
BCCBBC
CAB
BAA
CAA
BABBAC
ABAA
B
BAACBBC
CBAAACC
ACCBA
AC
CCB
CCBBA
ABABBBB
AACC
CCABC
BAABCA
BCCB
BCCCCBB
CAC
CCC
AA
AAACAB
CCACACB
CABAA
ABBABBA
AA
BCA
BA
BCA
CC
ABCBA
ACCBBC
B
ABB
BB
